// Jest Snapshot v1, https://goo.gl/fbAQLP

exports[`Footer Verifica se o componente Ã© renderizado corretamente 1`] = `
<footer
  data-testid="footer"
>
  <img
    class="img-footer"
  />
</footer>
`;
